<html>
<body>
<pre>
<h1>礦ision Build Log</h1>
<h2>Tool Versions:</h2>
IDE-Version: μVision V5.25.2.0
Copyright (C) 2018 ARM Ltd and ARM Germany GmbH. All rights reserved.
License Information:  ,  , LIC=WHYHL-031YM-FW52N-Y21UL-EHBEG-Y6870
 
Tool Versions:
Toolchain:       MDK-ARM Plus  Version: 5.25.2.0
Toolchain Path:  C:\Keil_v5\ARM\ARMCC\Bin
C Compiler:      Armcc.exe V5.06 update 6 (build 750)
Assembler:       Armasm.exe V5.06 update 6 (build 750)
Linker/Locator:  ArmLink.exe V5.06 update 6 (build 750)
Library Manager: ArmAr.exe V5.06 update 6 (build 750)
Hex Converter:   FromElf.exe V5.06 update 6 (build 750)
CPU DLL:         SARMCM3.DLL V5.25.2.0
Dialog DLL:      DCM.DLL V1.17.1.0
Target DLL:      CMSIS_AGDI.dll V1.29.10.0
Dialog DLL:      TCM.DLL V1.35.1.0
 
<h2>Project:</h2>
C:\Users\Hu Yunlong\Desktop\我的贪吃蛇游戏v2-两条蛇版本\我的贪吃蛇游戏v2-两条蛇版本\Project\RVMDK（uv5）\BH-F103.uvprojx
Project File Date:  04/22/2019

<h2>Output:</h2>
*** Using Compiler 'V5.06 update 6 (build 750)', folder: 'C:\Keil_v5\ARM\ARMCC\Bin'
Build target 'LCD'
assembling startup_stm32f10x_hd.s...
compiling core_cm3.c...
compiling system_stm32f10x.c...
compiling misc.c...
compiling stm32f10x_dbgmcu.c...
compiling stm32f10x_cec.c...
compiling stm32f10x_bkp.c...
compiling stm32f10x_crc.c...
compiling stm32f10x_adc.c...
compiling stm32f10x_can.c...
compiling stm32f10x_dma.c...
compiling stm32f10x_dac.c...
compiling stm32f10x_exti.c...
compiling stm32f10x_iwdg.c...
compiling stm32f10x_gpio.c...
compiling stm32f10x_flash.c...
compiling stm32f10x_fsmc.c...
compiling stm32f10x_pwr.c...
compiling stm32f10x_i2c.c...
compiling stm32f10x_rcc.c...
compiling stm32f10x_rtc.c...
compiling stm32f10x_sdio.c...
compiling stm32f10x_spi.c...
compiling stm32f10x_usart.c...
compiling stm32f10x_it.c...
compiling stm32f10x_wwdg.c...
compiling stm32f10x_tim.c...
compiling bsp_led.c...
compiling bsp_usart.c...
..\..\User\usart\bsp_usart.c(99): warning:  #1-D: last line of file ends without a newline
    
..\..\User\usart\bsp_usart.c: 1 warning, 0 errors
compiling fonts.c...
compiling bsp_adc.c...
compiling main.c...
..\..\User\main.c(17): warning:  #260-D: explicit type is missing ("int" assumed)
  extern mk;
..\..\User\main.c(177): warning:  #223-D: function "rand" declared implicitly
  			    food.X=rand()%(220/10)*10+10;
..\..\User\main.c(257): warning:  #186-D: pointless comparison of unsigned integer with zero
  					if(snake1.X[0]<0||snake1.X[0]>230||snake1.Y[0]<0||snake1.Y[0]>260)
..\..\User\main.c(257): warning:  #186-D: pointless comparison of unsigned integer with zero
  					if(snake1.X[0]<0||snake1.X[0]>230||snake1.Y[0]<0||snake1.Y[0]>260)
..\..\User\main.c(271): warning:  #186-D: pointless comparison of unsigned integer with zero
  					if(snake2.X[0]<0||snake2.X[0]>230||snake2.Y[0]<0||snake2.Y[0]>260)
..\..\User\main.c(271): warning:  #186-D: pointless comparison of unsigned integer with zero
  					if(snake2.X[0]<0||snake2.X[0]>230||snake2.Y[0]<0||snake2.Y[0]>260)
..\..\User\main.c(313): warning:  #223-D: function "rand" declared implicitly
  						ChooseWords=rand()%5;
..\..\User\main.c(331): warning:  #223-D: function "rand" declared implicitly
  						ChooseWords=rand()%5;
..\..\User\main.c(13): warning:  #177-D: function "LCD_Test"  was declared but never referenced
  static void LCD_Test(void);	
..\..\User\main.c: 9 warnings, 0 errors
compiling bsp_ili9341_lcd.c...
compiling bsp_i2c_ee.c...
compiling bsp_i2c_gpio.c...
compiling bsp_AdvanceTim.c...
compiling bsp_GeneralTim.c...
compiling bsp_SysTick.c...
compiling bsp_key.c...
compiling bsp_exti.c...
linking...
Program Size: Code=8808 RO-data=15536 RW-data=128 ZI-data=1632  
FromELF: creating hex file...
"..\..\Output\Template.axf" - 0 Error(s), 10 Warning(s).

<h2>Software Packages used:</h2>

Package Vendor: Keil
                http://www.keil.com/pack/Keil.STM32F1xx_DFP.2.3.0.pack
                Keil.STM32F1xx_DFP.2.3.0
                STMicroelectronics STM32F1 Series Device Support, Drivers and Examples

<h2>Collection of Component include folders:</h2>
  .\RTE\_LCD
  C:\Keil_v5\ARM\PACK\Keil\STM32F1xx_DFP\2.3.0\Device\Include

<h2>Collection of Component Files used:</h2>
Build Time Elapsed:  00:00:04
</pre>
</body>
</html>
